// Jest Snapshot v1, https://goo.gl/fbAQLP

exports[`Method History Container Displays a list of method history items 1`] = `
<DocumentFragment>
  <ul
    aria-label="history-items"
    class="HistoryList"
  >
    <li
      data-testid="history-id"
    >
      <p>
        GET
      </p>
      <p>
        https://last-airbender-api.herokuapp.com/api/v1/characters/5cf5679a915ecad153ab68c8
      </p>
    </li>
    <li
      data-testid="history-id"
    >
      <p>
        POST
      </p>
      <p>
        https://last-airbender-api.herokuapp.com/api/v1/characters/5cf5679a915ecad153ab68c8
      </p>
    </li>
  </ul>
</DocumentFragment>
`;
