// Jest Snapshot v1, https://goo.gl/fbAQLP

exports[`App component renders App 1`] = `
<DocumentFragment>
  <header
    class="test"
  >
    <h1>
      RESTless
    </h1>
  </header>
  <form>
    <p>
      https://last-airbender-api.herokuapp.com/api/v1/characters/5cf5679a915ecad153ab68c8
    </p>
    <label>
      URL:
    </label>
    <input
      placeholder="URL"
      type="text"
      value=""
    />
    <button
      name="submit"
    >
      Go!
    </button>
    <br />
    <button
      value="GET"
    >
      GET
    </button>
    <button
      value="POST"
    >
      POST
    </button>
    <button
      value="PUT"
    >
      PUT
    </button>
    <button
      value="PATCH"
    >
      Patch
    </button>
    <button
      value="DELETE"
    >
      DELETE
    </button>
    <br />
    <textarea
      placeholder="Raw JSON Body"
      type="text"
    />
  </form>
</DocumentFragment>
`;
